INFO | pd_ml |   tune_hyperparameters: search_ratio=0.9 → n_iter=38707 / 43008 (90.0% of grid)
INFO | pd_ml |   Best AUROC : 0.8122
  Best params: {'n_estimators': 2000, 'min_samples_split': 2, 'min_samples_leaf': 1, 'max_samples': 0.5, 'max_features': 0.3, 'max_depth': 20, 'criterion': 'entropy', 'class_weight': 'balanced', 'ccp_alpha': 0.001}
INFO | pd_ml |   Tuning results written to: ./results/rf_genus_kfold/tuning_all_combinations.csv
INFO | pd_ml |   Best params written to: ./results/rf_genus_kfold/tuning_best_params.csv
INFO | pd_ml | 
  === tune_hyperparameters (k-fold) ===
  Search method  : RandomizedSearchCV
  Total combos   : 43008
  Sampled        : 38707 (90.0%)
  Rank   Mean AUROC       Std  Params
  ----------------------------------------------------------------------
  1          0.8122    0.0122  {'n_estimators': 2000, 'min_samples_split': 2, 'min_samples_leaf': 1, 'max_samples': 0.5, 'max_features': 0.3, 'max_depth': 20, 'criterion': 'entropy', 'class_weight': 'balanced', 'ccp_alpha': 0.0001}
  2          0.8122    0.0122  {'n_estimators': 2000, 'min_samples_split': 2, 'min_samples_leaf': 1, 'max_samples': 0.5, 'max_features': 0.3, 'max_depth': 20, 'criterion': 'entropy', 'class_weight': 'balanced', 'ccp_alpha': 0.0}
  3          0.8122    0.0122  {'n_estimators': 2000, 'min_samples_split': 2, 'min_samples_leaf': 1, 'max_samples': 0.5, 'max_features': 0.3, 'max_depth': None, 'criterion': 'entropy', 'class_weight': 'balanced', 'ccp_alpha': 0.0001}
  4          0.8122    0.0122  {'n_estimators': 2000, 'min_samples_split': 2, 'min_samples_leaf': 1, 'max_samples': 0.5, 'max_features': 0.3, 'max_depth': None, 'criterion': 'entropy', 'class_weight': 'balanced', 'ccp_alpha': 0.001}
  5          0.8122    0.0122  {'n_estimators': 2000, 'min_samples_split': 2, 'min_samples_leaf': 1, 'max_samples': 0.5, 'max_features': 0.3, 'max_depth': 20, 'criterion': 'entropy', 'class_weight': 'balanced', 'ccp_alpha': 0.001}

INFO | pd_ml | 
  Strategy : k-fold
  Metric                     Mean       Std
  ------------------------------------------
  accuracy                 0.7344    0.0201
  balanced_accuracy        0.7335    0.0165
  mcc                      0.4701    0.0362
  auroc                    0.8122    0.0122
  auprc                    0.8301    0.0146
  precision                0.7651    0.0201
  recall                   0.6832    0.0311
  specificity              0.7837    0.0411
  f1                       0.7212    0.0170

  Per-fold AUROC:
    fold_1: 0.8171
    fold_2: 0.8237
    fold_3: 0.7899
    fold_4: 0.8093
    fold_5: 0.8212

INFO | pd_ml |   Validation metrics written to: ./results/rf_genus_kfold/validation_metrics.csv
INFO | pd_ml |   Test metrics written to: ./results/rf_genus_kfold/test_metrics.csv
INFO | pd_assess |   Confusion matrix saved to: ./results/rf_genus_kfold/confusion_matrix.png
